******************************************************************************
                  TI ARM Linker PC v20.2.5                     
******************************************************************************
>> Linked Mon Jan 23 19:49:01 2023

OUTPUT FILE NAME:   <GPIO2_F.out>
ENTRY POINT SYMBOL: "_c_int00_noargs"  address: 00000461


MEMORY CONFIGURATION

         name            origin    length      used     unused   attr    fill
----------------------  --------  ---------  --------  --------  ----  --------
  FLASH                 00000000   00040000  00000538  0003fac8  R  X
  SRAM                  20000000   00008000  00000208  00007df8  RW X


SEGMENT ALLOCATION MAP

run origin  load origin   length   init length attrs members
----------  ----------- ---------- ----------- ----- -------
00000000    00000000    0000053c   0000053c    r-x
  00000000    00000000    0000026c   0000026c    r-- .intvecs
  0000026c    0000026c    00000258   00000258    r-x .text
  000004c4    000004c4    00000060   00000060    r-- .const
  00000528    00000528    00000014   00000014    r-- .cinit
20000000    20000000    00000208   00000000    rw-
  20000000    20000000    00000200   00000000    rw- .stack
  20000200    20000200    00000008   00000000    rw- .bss


SECTION ALLOCATION MAP

 output                                  attributes/
section   page    origin      length       input sections
--------  ----  ----------  ----------   ----------------
.intvecs   0    00000000    0000026c     
                  00000000    0000026c     tm4c123gh6pm_startup_ccs.obj (.intvecs)

.text      0    0000026c    00000258     
                  0000026c    00000088     main.obj (.text)
                  000002f4    0000007c     PLL.obj (.text)
                  00000370    00000058     SYSTICK.obj (.text)
                  000003c8    00000054     GPIO.obj (.text)
                  0000041c    00000044     rtsv7M4_T_le_v4SPD16_eabi.lib : autoinit.c.obj (.text:__TI_auto_init_nobinit_nopinit:__TI_auto_init_nobinit_nopinit)
                  00000460    00000034                                   : boot_cortex_m.c.obj (.text:_c_int00_noargs:_c_int00_noargs)
                  00000494    0000001c                                   : copy_zero_init.c.obj (.text:decompress:ZI:__TI_zero_init_nomemset:__TI_zero_init_nomemset)
                  000004b0    0000000c     tm4c123gh6pm_startup_ccs.obj (.text)
                  000004bc    00000004     rtsv7M4_T_le_v4SPD16_eabi.lib : pre_init.c.obj (.text:_system_pre_init)
                  000004c0    00000004                                   : exit.c.obj (.text:abort:abort)

.const     0    000004c4    00000060     
                  000004c4    00000060     main.obj (.const:FSM)

.cinit     0    00000528    00000014     
                  00000528    00000008     (.cinit..bss.load) [load image, compression = zero_init]
                  00000530    00000004     (__TI_handler_table)
                  00000534    00000008     (__TI_cinit_table)

.init_array 
*          0    00000000    00000000     UNINITIALIZED

.bss       0    20000200    00000008     UNINITIALIZED
                  20000200    00000004     (.common:Input)
                  20000204    00000004     (.common:S)

.stack     0    20000000    00000200     UNINITIALIZED
                  20000000    00000004     rtsv7M4_T_le_v4SPD16_eabi.lib : boot_cortex_m.c.obj (.stack)
                  20000004    000001fc     --HOLE--

__llvm_prf_cnts 
*          0    20000000    00000000     UNINITIALIZED

MODULE SUMMARY

       Module                         code   ro data   rw data
       ------                         ----   -------   -------
    .\
       tm4c123gh6pm_startup_ccs.obj   12     620       0      
       main.obj                       136    96        8      
    +--+------------------------------+------+---------+---------+
       Total:                         148    716       8      
                                                              
    .\GPIO\
       GPIO.obj                       84     0         0      
    +--+------------------------------+------+---------+---------+
       Total:                         84     0         0      
                                                              
    .\PLL\
       PLL.obj                        124    0         0      
    +--+------------------------------+------+---------+---------+
       Total:                         124    0         0      
                                                              
    .\SYSTICK\
       SYSTICK.obj                    88     0         0      
    +--+------------------------------+------+---------+---------+
       Total:                         88     0         0      
                                                              
    D:\PROGRAMAS\ccs\tools\compiler\ti-cgt-arm_20.2.5.LTS\lib\rtsv7M4_T_le_v4SPD16_eabi.lib
       autoinit.c.obj                 68     0         0      
       boot_cortex_m.c.obj            52     0         0      
       copy_zero_init.c.obj           28     0         0      
       exit.c.obj                     4      0         0      
       pre_init.c.obj                 4      0         0      
    +--+------------------------------+------+---------+---------+
       Total:                         156    0         0      
                                                              
       Stack:                         0      0         512    
       Linker Generated:              0      20        0      
    +--+------------------------------+------+---------+---------+
       Grand Total:                   600    736       520    


LINKER GENERATED COPY TABLES

__TI_cinit_table @ 00000534 records: 1, size/record: 8, table size: 8
	.bss: load addr=00000528, load size=00000008 bytes, run addr=20000200, run size=00000008 bytes, compression=zero_init


LINKER GENERATED HANDLER TABLE

__TI_handler_table @ 00000530 records: 1, size/record: 4, table size: 4
	index: 0, handler: __TI_zero_init


GLOBAL SYMBOLS: SORTED ALPHABETICALLY BY Name 

address   name                          
-------   ----                          
000004c1  C$$EXIT                       
000003c9  Configurar_GPIO               
00000371  Configurar_SysTick            
0000026d  Delay                         
000004c4  FSM                           
00000405  GPIOF_INT_ISR                 
20000200  Input                         
000004b1  ResetISR                      
20000204  S                             
000002f5  SetSystemClock_80MHz          
0000038b  SysTick_ms                    
20000200  __STACK_END                   
00000200  __STACK_SIZE                  
20000200  __STACK_TOP                   
00000534  __TI_CINIT_Base               
0000053c  __TI_CINIT_Limit              
00000530  __TI_Handler_Table_Base       
00000534  __TI_Handler_Table_Limit      
0000041d  __TI_auto_init_nobinit_nopinit
ffffffff  __TI_pprof_out_hndl           
ffffffff  __TI_prof_data_size           
ffffffff  __TI_prof_data_start          
00000000  __TI_static_base__            
00000495  __TI_zero_init_nomemset       
ffffffff  __binit__                     
ffffffff  __c_args__                    
UNDEFED   __mpu_init                    
20000000  __stack                       
20000000  __start___llvm_prf_cnts       
20000000  __stop___llvm_prf_cnts        
00000461  _c_int00_noargs               
UNDEFED   _system_post_cinit            
000004bd  _system_pre_init              
000004c1  abort                         
ffffffff  binit                         
00000000  g_pfnVectors                  
00000403  habilitar_IntGPIO             
00000289  main                          


GLOBAL SYMBOLS: SORTED BY Symbol Address 

address   name                          
-------   ----                          
00000000  __TI_static_base__            
00000000  g_pfnVectors                  
00000200  __STACK_SIZE                  
0000026d  Delay                         
00000289  main                          
000002f5  SetSystemClock_80MHz          
00000371  Configurar_SysTick            
0000038b  SysTick_ms                    
000003c9  Configurar_GPIO               
00000403  habilitar_IntGPIO             
00000405  GPIOF_INT_ISR                 
0000041d  __TI_auto_init_nobinit_nopinit
00000461  _c_int00_noargs               
00000495  __TI_zero_init_nomemset       
000004b1  ResetISR                      
000004bd  _system_pre_init              
000004c1  C$$EXIT                       
000004c1  abort                         
000004c4  FSM                           
00000530  __TI_Handler_Table_Base       
00000534  __TI_CINIT_Base               
00000534  __TI_Handler_Table_Limit      
0000053c  __TI_CINIT_Limit              
20000000  __stack                       
20000000  __start___llvm_prf_cnts       
20000000  __stop___llvm_prf_cnts        
20000200  Input                         
20000200  __STACK_END                   
20000200  __STACK_TOP                   
20000204  S                             
ffffffff  __TI_pprof_out_hndl           
ffffffff  __TI_prof_data_size           
ffffffff  __TI_prof_data_start          
ffffffff  __binit__                     
ffffffff  __c_args__                    
ffffffff  binit                         
UNDEFED   __mpu_init                    
UNDEFED   _system_post_cinit            

[38 symbols]
