******************************************************************************
                  TI ARM Linker PC v20.2.5                     
******************************************************************************
>> Linked Tue Jan 17 01:42:08 2023

OUTPUT FILE NAME:   <proga10.out>
ENTRY POINT SYMBOL: "_c_int00_noargs"  address: 000004d9


MEMORY CONFIGURATION

         name            origin    length      used     unused   attr    fill
----------------------  --------  ---------  --------  --------  ----  --------
  FLASH                 00000000   00040000  000005b0  0003fa50  R  X
  SRAM                  20000000   00008000  00000208  00007df8  RW X


SEGMENT ALLOCATION MAP

run origin  load origin   length   init length attrs members
----------  ----------- ---------- ----------- ----- -------
00000000    00000000    000005b4   000005b4    r-x
  00000000    00000000    0000026c   0000026c    r-- .intvecs
  0000026c    0000026c    000002d0   000002d0    r-x .text
  0000053c    0000053c    00000060   00000060    r-- .const
  000005a0    000005a0    00000014   00000014    r-- .cinit
20000000    20000000    00000208   00000000    rw-
  20000000    20000000    00000200   00000000    rw- .stack
  20000200    20000200    00000008   00000000    rw- .bss


SECTION ALLOCATION MAP

 output                                  attributes/
section   page    origin      length       input sections
--------  ----  ----------  ----------   ----------------
.intvecs   0    00000000    0000026c     
                  00000000    0000026c     tm4c123gh6pm_startup_ccs.obj (.intvecs)

.text      0    0000026c    000002d0     
                  0000026c    000000c8     SYSTICK.obj (.text)
                  00000334    0000009c     main.obj (.text)
                  000003d0    0000007c     PLL.obj (.text)
                  0000044c    00000048     GPIO.obj (.text)
                  00000494    00000044     rtsv7M4_T_le_v4SPD16_eabi.lib : autoinit.c.obj (.text:__TI_auto_init_nobinit_nopinit:__TI_auto_init_nobinit_nopinit)
                  000004d8    00000034                                   : boot_cortex_m.c.obj (.text:_c_int00_noargs:_c_int00_noargs)
                  0000050c    0000001c                                   : copy_zero_init.c.obj (.text:decompress:ZI:__TI_zero_init_nomemset:__TI_zero_init_nomemset)
                  00000528    0000000c     tm4c123gh6pm_startup_ccs.obj (.text)
                  00000534    00000004     rtsv7M4_T_le_v4SPD16_eabi.lib : pre_init.c.obj (.text:_system_pre_init)
                  00000538    00000004                                   : exit.c.obj (.text:abort:abort)

.const     0    0000053c    00000060     
                  0000053c    00000060     main.obj (.const:FSM)

.cinit     0    000005a0    00000014     
                  000005a0    00000008     (.cinit..bss.load) [load image, compression = zero_init]
                  000005a8    00000004     (__TI_handler_table)
                  000005ac    00000008     (__TI_cinit_table)

.init_array 
*          0    00000000    00000000     UNINITIALIZED

.bss       0    20000200    00000008     UNINITIALIZED
                  20000200    00000004     (.common:Input)
                  20000204    00000004     (.common:S)

.stack     0    20000000    00000200     UNINITIALIZED
                  20000000    00000004     rtsv7M4_T_le_v4SPD16_eabi.lib : boot_cortex_m.c.obj (.stack)
                  20000004    000001fc     --HOLE--

__llvm_prf_cnts 
*          0    20000000    00000000     UNINITIALIZED

MODULE SUMMARY

       Module                         code   ro data   rw data
       ------                         ----   -------   -------
    .\
       tm4c123gh6pm_startup_ccs.obj   12     620       0      
       main.obj                       156    96        8      
    +--+------------------------------+------+---------+---------+
       Total:                         168    716       8      
                                                              
    .\GPIO\
       GPIO.obj                       72     0         0      
    +--+------------------------------+------+---------+---------+
       Total:                         72     0         0      
                                                              
    .\PLL\
       PLL.obj                        124    0         0      
    +--+------------------------------+------+---------+---------+
       Total:                         124    0         0      
                                                              
    .\SYSTICK\
       SYSTICK.obj                    200    0         0      
    +--+------------------------------+------+---------+---------+
       Total:                         200    0         0      
                                                              
    D:\PROGRAMAS\ccs\tools\compiler\ti-cgt-arm_20.2.5.LTS\lib\rtsv7M4_T_le_v4SPD16_eabi.lib
       autoinit.c.obj                 68     0         0      
       boot_cortex_m.c.obj            52     0         0      
       copy_zero_init.c.obj           28     0         0      
       exit.c.obj                     4      0         0      
       pre_init.c.obj                 4      0         0      
    +--+------------------------------+------+---------+---------+
       Total:                         156    0         0      
                                                              
       Stack:                         0      0         512    
       Linker Generated:              0      20        0      
    +--+------------------------------+------+---------+---------+
       Grand Total:                   720    736       520    


LINKER GENERATED COPY TABLES

__TI_cinit_table @ 000005ac records: 1, size/record: 8, table size: 8
	.bss: load addr=000005a0, load size=00000008 bytes, run addr=20000200, run size=00000008 bytes, compression=zero_init


LINKER GENERATED HANDLER TABLE

__TI_handler_table @ 000005a8 records: 1, size/record: 4, table size: 4
	index: 0, handler: __TI_zero_init


GLOBAL SYMBOLS: SORTED ALPHABETICALLY BY Name 

address   name                          
-------   ----                          
00000539  C$$EXIT                       
0000044d  Configurar_GPIO               
0000026d  Configurar_SysTick            
00000335  Delay                         
0000053c  FSM                           
0000047f  GPIOF_INT_ISR                 
20000200  Input                         
00000529  ResetISR                      
20000204  S                             
000003d1  SetSystemClock_80MHz          
000002bb  SysTick_espera_1ms            
00000287  SysTick_espera_1us            
000002f1  SysTick_ms                    
20000200  __STACK_END                   
00000200  __STACK_SIZE                  
20000200  __STACK_TOP                   
000005ac  __TI_CINIT_Base               
000005b4  __TI_CINIT_Limit              
000005a8  __TI_Handler_Table_Base       
000005ac  __TI_Handler_Table_Limit      
00000495  __TI_auto_init_nobinit_nopinit
ffffffff  __TI_pprof_out_hndl           
ffffffff  __TI_prof_data_size           
ffffffff  __TI_prof_data_start          
00000000  __TI_static_base__            
0000050d  __TI_zero_init_nomemset       
ffffffff  __binit__                     
ffffffff  __c_args__                    
UNDEFED   __mpu_init                    
20000000  __stack                       
20000000  __start___llvm_prf_cnts       
20000000  __stop___llvm_prf_cnts        
000004d9  _c_int00_noargs               
UNDEFED   _system_post_cinit            
00000535  _system_pre_init              
00000539  abort                         
ffffffff  binit                         
00000000  g_pfnVectors                  
0000047d  habilitar_IntGPIO             
00000351  main                          


GLOBAL SYMBOLS: SORTED BY Symbol Address 

address   name                          
-------   ----                          
00000000  __TI_static_base__            
00000000  g_pfnVectors                  
00000200  __STACK_SIZE                  
0000026d  Configurar_SysTick            
00000287  SysTick_espera_1us            
000002bb  SysTick_espera_1ms            
000002f1  SysTick_ms                    
00000335  Delay                         
00000351  main                          
000003d1  SetSystemClock_80MHz          
0000044d  Configurar_GPIO               
0000047d  habilitar_IntGPIO             
0000047f  GPIOF_INT_ISR                 
00000495  __TI_auto_init_nobinit_nopinit
000004d9  _c_int00_noargs               
0000050d  __TI_zero_init_nomemset       
00000529  ResetISR                      
00000535  _system_pre_init              
00000539  C$$EXIT                       
00000539  abort                         
0000053c  FSM                           
000005a8  __TI_Handler_Table_Base       
000005ac  __TI_CINIT_Base               
000005ac  __TI_Handler_Table_Limit      
000005b4  __TI_CINIT_Limit              
20000000  __stack                       
20000000  __start___llvm_prf_cnts       
20000000  __stop___llvm_prf_cnts        
20000200  Input                         
20000200  __STACK_END                   
20000200  __STACK_TOP                   
20000204  S                             
ffffffff  __TI_pprof_out_hndl           
ffffffff  __TI_prof_data_size           
ffffffff  __TI_prof_data_start          
ffffffff  __binit__                     
ffffffff  __c_args__                    
ffffffff  binit                         
UNDEFED   __mpu_init                    
UNDEFED   _system_post_cinit            

[40 symbols]
